2022-09-08 23:25:12 [    INFO] 
 (logger.py:27)
2022-09-08 23:25:12 [    INFO] ====== WebDriver manager ====== (logger.py:27)
2022-09-08 23:25:12 [    INFO] Current google-chrome version is 104.0.5112 (logger.py:27)
2022-09-08 23:25:12 [    INFO] Get LATEST chromedriver version for 104.0.5112 google-chrome (logger.py:27)
2022-09-08 23:25:12 [   DEBUG] Starting new HTTPS connection (1): chromedriver.storage.googleapis.com:443 (connectionpool.py:1001)
2022-09-08 23:25:12 [   DEBUG] https://chromedriver.storage.googleapis.com:443 "GET /LATEST_RELEASE_104.0.5112 HTTP/1.1" 200 13 (connectionpool.py:456)
2022-09-08 23:25:12 [    INFO] Driver [/home/fthadmin/.wdm/drivers/chromedriver/linux64/104.0.5112.79/chromedriver] found in cache (logger.py:27)
2022-09-08 23:25:13 [   DEBUG] POST http://localhost:46465/session {"capabilities": {"firstMatch": [{}], "alwaysMatch": {"browserName": "chrome", "pageLoadStrategy": "normal", "goog:chromeOptions": {"prefs": {"profile.default_content_setting_values.notifications": 2}, "extensions": [], "args": ["--headless", "--window-size=1325x744", "--no-sandbox", "--disable-infobars", "--disable-extensions"]}}}, "desiredCapabilities": {"browserName": "chrome", "pageLoadStrategy": "normal", "goog:chromeOptions": {"prefs": {"profile.default_content_setting_values.notifications": 2}, "extensions": [], "args": ["--headless", "--window-size=1325x744", "--no-sandbox", "--disable-infobars", "--disable-extensions"]}}} (remote_connection.py:347)
2022-09-08 23:25:13 [   DEBUG] Starting new HTTP connection (1): localhost:46465 (connectionpool.py:228)
2022-09-08 23:25:13 [   DEBUG] http://localhost:46465 "POST /session HTTP/1.1" 200 753 (connectionpool.py:456)
2022-09-08 23:25:13 [   DEBUG] Finished Request (remote_connection.py:398)
2022-09-08 23:25:13 [   DEBUG] POST http://localhost:46465/session/0d29b9622684616ba525ca77843cef9e/window/maximize {} (remote_connection.py:347)
2022-09-08 23:25:13 [   DEBUG] http://localhost:46465 "POST /session/0d29b9622684616ba525ca77843cef9e/window/maximize HTTP/1.1" 200 49 (connectionpool.py:456)
2022-09-08 23:25:13 [   DEBUG] Finished Request (remote_connection.py:398)
2022-09-08 23:25:13 [    INFO] running website tests on automation server - https://demo.openmrs.org/openmrs/ (set_up.py:40)
2022-09-08 23:25:13 [   DEBUG] POST http://localhost:46465/session/0d29b9622684616ba525ca77843cef9e/url {"url": "https://demo.openmrs.org/openmrs/"} (remote_connection.py:347)
